02:36:49 **** Incremental Build of configuration Debug for project bme280 ****
make -j8 all 
arm-none-eabi-gcc "../Core/Src/main.c" -mcpu=cortex-m4 -std=gnu11 -g3 -DDEBUG -DUSE_HAL_DRIVER -DSTM32F407xx -c -I../Core/Inc -I../Drivers/STM32F4xx_HAL_Driver/Inc -I../Drivers/STM32F4xx_HAL_Driver/Inc/Legacy -I../Drivers/CMSIS/Device/ST/STM32F4xx/Include -I../Drivers/CMSIS/Include -O0 -ffunction-sections -fdata-sections -Wall -fstack-usage -fcyclomatic-complexity -MMD -MP -MF"Core/Src/main.d" -MT"Core/Src/main.o" --specs=nano.specs -mfpu=fpv4-sp-d16 -mfloat-abi=hard -mthumb -o "Core/Src/main.o"
arm-none-eabi-gcc -o "bme280.elf" @"objects.list"   -mcpu=cortex-m4 -T"C:\Users\Kubilay\Desktop\bmi160_driver\bme280\STM32F407VGTX_FLASH.ld" --specs=nosys.specs -Wl,-Map="bme280.map" -Wl,--gc-sections -static --specs=nano.specs -mfpu=fpv4-sp-d16 -mfloat-abi=hard -mthumb -Wl,--start-group -lc -lm -Wl,--end-group
Finished building target: bme280.elf
 
arm-none-eabi-size  bme280.elf 
arm-none-eabi-objdump -h -S bme280.elf  > "bme280.list"
   text	   data	    bss	    dec	    hex	filename
   7728	     12	   1652	   9392	   24b0	bme280.elf
Finished building: default.size.stdout
 
Finished building: bme280.list
 

02:36:55 Build Finished. 0 errors, 0 warnings. (took 6s.694ms)

