06:16:37 **** Incremental Build of configuration Debug for project F103_BMI160_Library ****
make -j8 all 
arm-none-eabi-gcc "../Core/Src/main.c" -mcpu=cortex-m3 -std=gnu11 -g3 -DDEBUG -DUSE_HAL_DRIVER -DSTM32F103xB -c -I../Core/Inc -I"C:/Users/Kubilay/Desktop/bmi160_driver/F103_BMI160_Library/BMI160_SensorAPI/BMI160_Porting/Inc" -I"C:/Users/Kubilay/Desktop/bmi160_driver/F103_BMI160_Library/BMI160_SensorAPI" -I"C:/Users/Kubilay/Desktop/bmi160_driver/F103_BMI160_Library/bmi160/Inc" -I../Drivers/STM32F1xx_HAL_Driver/Inc/Legacy -I../Drivers/STM32F1xx_HAL_Driver/Inc -I../Drivers/CMSIS/Device/ST/STM32F1xx/Include -I../Drivers/CMSIS/Include -O0 -ffunction-sections -fdata-sections -Wall -fstack-usage -fcyclomatic-complexity -MMD -MP -MF"Core/Src/main.d" -MT"Core/Src/main.o" --specs=nano.specs -mfloat-abi=soft -mthumb -o "Core/Src/main.o"
arm-none-eabi-gcc -o "F103_BMI160_Library.elf" @"objects.list"   -mcpu=cortex-m3 -T"C:\Users\Kubilay\Desktop\bmi160_driver\F103_BMI160_Library\STM32F103C8TX_FLASH.ld" --specs=nosys.specs -Wl,-Map="F103_BMI160_Library.map" -Wl,--gc-sections -static --specs=nano.specs -mfloat-abi=soft -mthumb -u _printf_float -u _scanf_float -Wl,--start-group -lc -lm -Wl,--end-group
Finished building target: F103_BMI160_Library.elf
 
arm-none-eabi-size  F103_BMI160_Library.elf 
arm-none-eabi-objdump -h -S F103_BMI160_Library.elf  > "F103_BMI160_Library.list"
   text	   data	    bss	    dec	    hex	filename
  40764	    504	   2160	  43428	   a9a4	F103_BMI160_Library.elf
Finished building: default.size.stdout
 
Finished building: F103_BMI160_Library.list
 

06:16:38 Build Finished. 0 errors, 0 warnings. (took 1s.281ms)

