08:20:08 **** Incremental Build of configuration Debug for project F103_BMI160_Library ****
make -j8 all 
arm-none-eabi-gcc "../SensorFusion/MahonyAHRS/Src/MahonyAHRS.c" -mcpu=cortex-m3 -std=gnu11 -g3 -DDEBUG -DUSE_HAL_DRIVER -DSTM32F103xB -c -I../Core/Inc -I"C:/Users/Kubilay/Desktop/bmi160_driver/F103_BMI160_Library/SensorFusion/MadgwickAHRS/Inc" -I"C:/Users/Kubilay/Desktop/bmi160_driver/F103_BMI160_Library/SensorFusion/MahonyAHRS/Inc" -I"C:/Users/Kubilay/Desktop/bmi160_driver/F103_BMI160_Library/BMI160_SensorAPI/BMI160_Porting/Inc" -I"C:/Users/Kubilay/Desktop/bmi160_driver/F103_BMI160_Library/BMI160_SensorAPI" -I../Drivers/STM32F1xx_HAL_Driver/Inc/Legacy -I../Drivers/STM32F1xx_HAL_Driver/Inc -I../Drivers/CMSIS/Device/ST/STM32F1xx/Include -I../Drivers/CMSIS/Include -O0 -ffunction-sections -fdata-sections -Wall -fstack-usage -fcyclomatic-complexity -MMD -MP -MF"SensorFusion/MahonyAHRS/Src/MahonyAHRS.d" -MT"SensorFusion/MahonyAHRS/Src/MahonyAHRS.o" --specs=nano.specs -mfloat-abi=soft -mthumb -o "SensorFusion/MahonyAHRS/Src/MahonyAHRS.o"
arm-none-eabi-gcc "../Drivers/STM32F1xx_HAL_Driver/Src/stm32f1xx_hal.c" -mcpu=cortex-m3 -std=gnu11 -g3 -DDEBUG -DUSE_HAL_DRIVER -DSTM32F103xB -c -I../Core/Inc -I"C:/Users/Kubilay/Desktop/bmi160_driver/F103_BMI160_Library/SensorFusion/MadgwickAHRS/Inc" -I"C:/Users/Kubilay/Desktop/bmi160_driver/F103_BMI160_Library/SensorFusion/MahonyAHRS/Inc" -I"C:/Users/Kubilay/Desktop/bmi160_driver/F103_BMI160_Library/BMI160_SensorAPI/BMI160_Porting/Inc" -I"C:/Users/Kubilay/Desktop/bmi160_driver/F103_BMI160_Library/BMI160_SensorAPI" -I../Drivers/STM32F1xx_HAL_Driver/Inc/Legacy -I../Drivers/STM32F1xx_HAL_Driver/Inc -I../Drivers/CMSIS/Device/ST/STM32F1xx/Include -I../Drivers/CMSIS/Include -O0 -ffunction-sections -fdata-sections -Wall -fstack-usage -fcyclomatic-complexity -MMD -MP -MF"Drivers/STM32F1xx_HAL_Driver/Src/stm32f1xx_hal.d" -MT"Drivers/STM32F1xx_HAL_Driver/Src/stm32f1xx_hal.o" --specs=nano.specs -mfloat-abi=soft -mthumb -o "Drivers/STM32F1xx_HAL_Driver/Src/stm32f1xx_hal.o"
arm-none-eabi-gcc "../Drivers/STM32F1xx_HAL_Driver/Src/stm32f1xx_hal_cortex.c" -mcpu=cortex-m3 -std=gnu11 -g3 -DDEBUG -DUSE_HAL_DRIVER -DSTM32F103xB -c -I../Core/Inc -I"C:/Users/Kubilay/Desktop/bmi160_driver/F103_BMI160_Library/SensorFusion/MadgwickAHRS/Inc" -I"C:/Users/Kubilay/Desktop/bmi160_driver/F103_BMI160_Library/SensorFusion/MahonyAHRS/Inc" -I"C:/Users/Kubilay/Desktop/bmi160_driver/F103_BMI160_Library/BMI160_SensorAPI/BMI160_Porting/Inc" -I"C:/Users/Kubilay/Desktop/bmi160_driver/F103_BMI160_Library/BMI160_SensorAPI" -I../Drivers/STM32F1xx_HAL_Driver/Inc/Legacy -I../Drivers/STM32F1xx_HAL_Driver/Inc -I../Drivers/CMSIS/Device/ST/STM32F1xx/Include -I../Drivers/CMSIS/Include -O0 -ffunction-sections -fdata-sections -Wall -fstack-usage -fcyclomatic-complexity -MMD -MP -MF"Drivers/STM32F1xx_HAL_Driver/Src/stm32f1xx_hal_cortex.d" -MT"Drivers/STM32F1xx_HAL_Driver/Src/stm32f1xx_hal_cortex.o" --specs=nano.specs -mfloat-abi=soft -mthumb -o "Drivers/STM32F1xx_HAL_Driver/Src/stm32f1xx_hal_cortex.o"
arm-none-eabi-gcc "../Drivers/STM32F1xx_HAL_Driver/Src/stm32f1xx_hal_dma.c" -mcpu=cortex-m3 -std=gnu11 -g3 -DDEBUG -DUSE_HAL_DRIVER -DSTM32F103xB -c -I../Core/Inc -I"C:/Users/Kubilay/Desktop/bmi160_driver/F103_BMI160_Library/SensorFusion/MadgwickAHRS/Inc" -I"C:/Users/Kubilay/Desktop/bmi160_driver/F103_BMI160_Library/SensorFusion/MahonyAHRS/Inc" -I"C:/Users/Kubilay/Desktop/bmi160_driver/F103_BMI160_Library/BMI160_SensorAPI/BMI160_Porting/Inc" -I"C:/Users/Kubilay/Desktop/bmi160_driver/F103_BMI160_Library/BMI160_SensorAPI" -I../Drivers/STM32F1xx_HAL_Driver/Inc/Legacy -I../Drivers/STM32F1xx_HAL_Driver/Inc -I../Drivers/CMSIS/Device/ST/STM32F1xx/Include -I../Drivers/CMSIS/Include -O0 -ffunction-sections -fdata-sections -Wall -fstack-usage -fcyclomatic-complexity -MMD -MP -MF"Drivers/STM32F1xx_HAL_Driver/Src/stm32f1xx_hal_dma.d" -MT"Drivers/STM32F1xx_HAL_Driver/Src/stm32f1xx_hal_dma.o" --specs=nano.specs -mfloat-abi=soft -mthumb -o "Drivers/STM32F1xx_HAL_Driver/Src/stm32f1xx_hal_dma.o"
arm-none-eabi-gcc "../Drivers/STM32F1xx_HAL_Driver/Src/stm32f1xx_hal_exti.c" -mcpu=cortex-m3 -std=gnu11 -g3 -DDEBUG -DUSE_HAL_DRIVER -DSTM32F103xB -c -I../Core/Inc -I"C:/Users/Kubilay/Desktop/bmi160_driver/F103_BMI160_Library/SensorFusion/MadgwickAHRS/Inc" -I"C:/Users/Kubilay/Desktop/bmi160_driver/F103_BMI160_Library/SensorFusion/MahonyAHRS/Inc" -I"C:/Users/Kubilay/Desktop/bmi160_driver/F103_BMI160_Library/BMI160_SensorAPI/BMI160_Porting/Inc" -I"C:/Users/Kubilay/Desktop/bmi160_driver/F103_BMI160_Library/BMI160_SensorAPI" -I../Drivers/STM32F1xx_HAL_Driver/Inc/Legacy -I../Drivers/STM32F1xx_HAL_Driver/Inc -I../Drivers/CMSIS/Device/ST/STM32F1xx/Include -I../Drivers/CMSIS/Include -O0 -ffunction-sections -fdata-sections -Wall -fstack-usage -fcyclomatic-complexity -MMD -MP -MF"Drivers/STM32F1xx_HAL_Driver/Src/stm32f1xx_hal_exti.d" -MT"Drivers/STM32F1xx_HAL_Driver/Src/stm32f1xx_hal_exti.o" --specs=nano.specs -mfloat-abi=soft -mthumb -o "Drivers/STM32F1xx_HAL_Driver/Src/stm32f1xx_hal_exti.o"
arm-none-eabi-gcc "../Drivers/STM32F1xx_HAL_Driver/Src/stm32f1xx_hal_flash.c" -mcpu=cortex-m3 -std=gnu11 -g3 -DDEBUG -DUSE_HAL_DRIVER -DSTM32F103xB -c -I../Core/Inc -I"C:/Users/Kubilay/Desktop/bmi160_driver/F103_BMI160_Library/SensorFusion/MadgwickAHRS/Inc" -I"C:/Users/Kubilay/Desktop/bmi160_driver/F103_BMI160_Library/SensorFusion/MahonyAHRS/Inc" -I"C:/Users/Kubilay/Desktop/bmi160_driver/F103_BMI160_Library/BMI160_SensorAPI/BMI160_Porting/Inc" -I"C:/Users/Kubilay/Desktop/bmi160_driver/F103_BMI160_Library/BMI160_SensorAPI" -I../Drivers/STM32F1xx_HAL_Driver/Inc/Legacy -I../Drivers/STM32F1xx_HAL_Driver/Inc -I../Drivers/CMSIS/Device/ST/STM32F1xx/Include -I../Drivers/CMSIS/Include -O0 -ffunction-sections -fdata-sections -Wall -fstack-usage -fcyclomatic-complexity -MMD -MP -MF"Drivers/STM32F1xx_HAL_Driver/Src/stm32f1xx_hal_flash.d" -MT"Drivers/STM32F1xx_HAL_Driver/Src/stm32f1xx_hal_flash.o" --specs=nano.specs -mfloat-abi=soft -mthumb -o "Drivers/STM32F1xx_HAL_Driver/Src/stm32f1xx_hal_flash.o"
arm-none-eabi-gcc "../Drivers/STM32F1xx_HAL_Driver/Src/stm32f1xx_hal_flash_ex.c" -mcpu=cortex-m3 -std=gnu11 -g3 -DDEBUG -DUSE_HAL_DRIVER -DSTM32F103xB -c -I../Core/Inc -I"C:/Users/Kubilay/Desktop/bmi160_driver/F103_BMI160_Library/SensorFusion/MadgwickAHRS/Inc" -I"C:/Users/Kubilay/Desktop/bmi160_driver/F103_BMI160_Library/SensorFusion/MahonyAHRS/Inc" -I"C:/Users/Kubilay/Desktop/bmi160_driver/F103_BMI160_Library/BMI160_SensorAPI/BMI160_Porting/Inc" -I"C:/Users/Kubilay/Desktop/bmi160_driver/F103_BMI160_Library/BMI160_SensorAPI" -I../Drivers/STM32F1xx_HAL_Driver/Inc/Legacy -I../Drivers/STM32F1xx_HAL_Driver/Inc -I../Drivers/CMSIS/Device/ST/STM32F1xx/Include -I../Drivers/CMSIS/Include -O0 -ffunction-sections -fdata-sections -Wall -fstack-usage -fcyclomatic-complexity -MMD -MP -MF"Drivers/STM32F1xx_HAL_Driver/Src/stm32f1xx_hal_flash_ex.d" -MT"Drivers/STM32F1xx_HAL_Driver/Src/stm32f1xx_hal_flash_ex.o" --specs=nano.specs -mfloat-abi=soft -mthumb -o "Drivers/STM32F1xx_HAL_Driver/Src/stm32f1xx_hal_flash_ex.o"
arm-none-eabi-gcc "../Drivers/STM32F1xx_HAL_Driver/Src/stm32f1xx_hal_gpio.c" -mcpu=cortex-m3 -std=gnu11 -g3 -DDEBUG -DUSE_HAL_DRIVER -DSTM32F103xB -c -I../Core/Inc -I"C:/Users/Kubilay/Desktop/bmi160_driver/F103_BMI160_Library/SensorFusion/MadgwickAHRS/Inc" -I"C:/Users/Kubilay/Desktop/bmi160_driver/F103_BMI160_Library/SensorFusion/MahonyAHRS/Inc" -I"C:/Users/Kubilay/Desktop/bmi160_driver/F103_BMI160_Library/BMI160_SensorAPI/BMI160_Porting/Inc" -I"C:/Users/Kubilay/Desktop/bmi160_driver/F103_BMI160_Library/BMI160_SensorAPI" -I../Drivers/STM32F1xx_HAL_Driver/Inc/Legacy -I../Drivers/STM32F1xx_HAL_Driver/Inc -I../Drivers/CMSIS/Device/ST/STM32F1xx/Include -I../Drivers/CMSIS/Include -O0 -ffunction-sections -fdata-sections -Wall -fstack-usage -fcyclomatic-complexity -MMD -MP -MF"Drivers/STM32F1xx_HAL_Driver/Src/stm32f1xx_hal_gpio.d" -MT"Drivers/STM32F1xx_HAL_Driver/Src/stm32f1xx_hal_gpio.o" --specs=nano.specs -mfloat-abi=soft -mthumb -o "Drivers/STM32F1xx_HAL_Driver/Src/stm32f1xx_hal_gpio.o"
arm-none-eabi-gcc "../Drivers/STM32F1xx_HAL_Driver/Src/stm32f1xx_hal_gpio_ex.c" -mcpu=cortex-m3 -std=gnu11 -g3 -DDEBUG -DUSE_HAL_DRIVER -DSTM32F103xB -c -I../Core/Inc -I"C:/Users/Kubilay/Desktop/bmi160_driver/F103_BMI160_Library/SensorFusion/MadgwickAHRS/Inc" -I"C:/Users/Kubilay/Desktop/bmi160_driver/F103_BMI160_Library/SensorFusion/MahonyAHRS/Inc" -I"C:/Users/Kubilay/Desktop/bmi160_driver/F103_BMI160_Library/BMI160_SensorAPI/BMI160_Porting/Inc" -I"C:/Users/Kubilay/Desktop/bmi160_driver/F103_BMI160_Library/BMI160_SensorAPI" -I../Drivers/STM32F1xx_HAL_Driver/Inc/Legacy -I../Drivers/STM32F1xx_HAL_Driver/Inc -I../Drivers/CMSIS/Device/ST/STM32F1xx/Include -I../Drivers/CMSIS/Include -O0 -ffunction-sections -fdata-sections -Wall -fstack-usage -fcyclomatic-complexity -MMD -MP -MF"Drivers/STM32F1xx_HAL_Driver/Src/stm32f1xx_hal_gpio_ex.d" -MT"Drivers/STM32F1xx_HAL_Driver/Src/stm32f1xx_hal_gpio_ex.o" --specs=nano.specs -mfloat-abi=soft -mthumb -o "Drivers/STM32F1xx_HAL_Driver/Src/stm32f1xx_hal_gpio_ex.o"
arm-none-eabi-gcc "../Drivers/STM32F1xx_HAL_Driver/Src/stm32f1xx_hal_i2c.c" -mcpu=cortex-m3 -std=gnu11 -g3 -DDEBUG -DUSE_HAL_DRIVER -DSTM32F103xB -c -I../Core/Inc -I"C:/Users/Kubilay/Desktop/bmi160_driver/F103_BMI160_Library/SensorFusion/MadgwickAHRS/Inc" -I"C:/Users/Kubilay/Desktop/bmi160_driver/F103_BMI160_Library/SensorFusion/MahonyAHRS/Inc" -I"C:/Users/Kubilay/Desktop/bmi160_driver/F103_BMI160_Library/BMI160_SensorAPI/BMI160_Porting/Inc" -I"C:/Users/Kubilay/Desktop/bmi160_driver/F103_BMI160_Library/BMI160_SensorAPI" -I../Drivers/STM32F1xx_HAL_Driver/Inc/Legacy -I../Drivers/STM32F1xx_HAL_Driver/Inc -I../Drivers/CMSIS/Device/ST/STM32F1xx/Include -I../Drivers/CMSIS/Include -O0 -ffunction-sections -fdata-sections -Wall -fstack-usage -fcyclomatic-complexity -MMD -MP -MF"Drivers/STM32F1xx_HAL_Driver/Src/stm32f1xx_hal_i2c.d" -MT"Drivers/STM32F1xx_HAL_Driver/Src/stm32f1xx_hal_i2c.o" --specs=nano.specs -mfloat-abi=soft -mthumb -o "Drivers/STM32F1xx_HAL_Driver/Src/stm32f1xx_hal_i2c.o"
arm-none-eabi-gcc "../Drivers/STM32F1xx_HAL_Driver/Src/stm32f1xx_hal_pwr.c" -mcpu=cortex-m3 -std=gnu11 -g3 -DDEBUG -DUSE_HAL_DRIVER -DSTM32F103xB -c -I../Core/Inc -I"C:/Users/Kubilay/Desktop/bmi160_driver/F103_BMI160_Library/SensorFusion/MadgwickAHRS/Inc" -I"C:/Users/Kubilay/Desktop/bmi160_driver/F103_BMI160_Library/SensorFusion/MahonyAHRS/Inc" -I"C:/Users/Kubilay/Desktop/bmi160_driver/F103_BMI160_Library/BMI160_SensorAPI/BMI160_Porting/Inc" -I"C:/Users/Kubilay/Desktop/bmi160_driver/F103_BMI160_Library/BMI160_SensorAPI" -I../Drivers/STM32F1xx_HAL_Driver/Inc/Legacy -I../Drivers/STM32F1xx_HAL_Driver/Inc -I../Drivers/CMSIS/Device/ST/STM32F1xx/Include -I../Drivers/CMSIS/Include -O0 -ffunction-sections -fdata-sections -Wall -fstack-usage -fcyclomatic-complexity -MMD -MP -MF"Drivers/STM32F1xx_HAL_Driver/Src/stm32f1xx_hal_pwr.d" -MT"Drivers/STM32F1xx_HAL_Driver/Src/stm32f1xx_hal_pwr.o" --specs=nano.specs -mfloat-abi=soft -mthumb -o "Drivers/STM32F1xx_HAL_Driver/Src/stm32f1xx_hal_pwr.o"
arm-none-eabi-gcc "../Drivers/STM32F1xx_HAL_Driver/Src/stm32f1xx_hal_rcc.c" -mcpu=cortex-m3 -std=gnu11 -g3 -DDEBUG -DUSE_HAL_DRIVER -DSTM32F103xB -c -I../Core/Inc -I"C:/Users/Kubilay/Desktop/bmi160_driver/F103_BMI160_Library/SensorFusion/MadgwickAHRS/Inc" -I"C:/Users/Kubilay/Desktop/bmi160_driver/F103_BMI160_Library/SensorFusion/MahonyAHRS/Inc" -I"C:/Users/Kubilay/Desktop/bmi160_driver/F103_BMI160_Library/BMI160_SensorAPI/BMI160_Porting/Inc" -I"C:/Users/Kubilay/Desktop/bmi160_driver/F103_BMI160_Library/BMI160_SensorAPI" -I../Drivers/STM32F1xx_HAL_Driver/Inc/Legacy -I../Drivers/STM32F1xx_HAL_Driver/Inc -I../Drivers/CMSIS/Device/ST/STM32F1xx/Include -I../Drivers/CMSIS/Include -O0 -ffunction-sections -fdata-sections -Wall -fstack-usage -fcyclomatic-complexity -MMD -MP -MF"Drivers/STM32F1xx_HAL_Driver/Src/stm32f1xx_hal_rcc.d" -MT"Drivers/STM32F1xx_HAL_Driver/Src/stm32f1xx_hal_rcc.o" --specs=nano.specs -mfloat-abi=soft -mthumb -o "Drivers/STM32F1xx_HAL_Driver/Src/stm32f1xx_hal_rcc.o"
arm-none-eabi-gcc "../Drivers/STM32F1xx_HAL_Driver/Src/stm32f1xx_hal_rcc_ex.c" -mcpu=cortex-m3 -std=gnu11 -g3 -DDEBUG -DUSE_HAL_DRIVER -DSTM32F103xB -c -I../Core/Inc -I"C:/Users/Kubilay/Desktop/bmi160_driver/F103_BMI160_Library/SensorFusion/MadgwickAHRS/Inc" -I"C:/Users/Kubilay/Desktop/bmi160_driver/F103_BMI160_Library/SensorFusion/MahonyAHRS/Inc" -I"C:/Users/Kubilay/Desktop/bmi160_driver/F103_BMI160_Library/BMI160_SensorAPI/BMI160_Porting/Inc" -I"C:/Users/Kubilay/Desktop/bmi160_driver/F103_BMI160_Library/BMI160_SensorAPI" -I../Drivers/STM32F1xx_HAL_Driver/Inc/Legacy -I../Drivers/STM32F1xx_HAL_Driver/Inc -I../Drivers/CMSIS/Device/ST/STM32F1xx/Include -I../Drivers/CMSIS/Include -O0 -ffunction-sections -fdata-sections -Wall -fstack-usage -fcyclomatic-complexity -MMD -MP -MF"Drivers/STM32F1xx_HAL_Driver/Src/stm32f1xx_hal_rcc_ex.d" -MT"Drivers/STM32F1xx_HAL_Driver/Src/stm32f1xx_hal_rcc_ex.o" --specs=nano.specs -mfloat-abi=soft -mthumb -o "Drivers/STM32F1xx_HAL_Driver/Src/stm32f1xx_hal_rcc_ex.o"
arm-none-eabi-gcc "../Drivers/STM32F1xx_HAL_Driver/Src/stm32f1xx_hal_uart.c" -mcpu=cortex-m3 -std=gnu11 -g3 -DDEBUG -DUSE_HAL_DRIVER -DSTM32F103xB -c -I../Core/Inc -I"C:/Users/Kubilay/Desktop/bmi160_driver/F103_BMI160_Library/SensorFusion/MadgwickAHRS/Inc" -I"C:/Users/Kubilay/Desktop/bmi160_driver/F103_BMI160_Library/SensorFusion/MahonyAHRS/Inc" -I"C:/Users/Kubilay/Desktop/bmi160_driver/F103_BMI160_Library/BMI160_SensorAPI/BMI160_Porting/Inc" -I"C:/Users/Kubilay/Desktop/bmi160_driver/F103_BMI160_Library/BMI160_SensorAPI" -I../Drivers/STM32F1xx_HAL_Driver/Inc/Legacy -I../Drivers/STM32F1xx_HAL_Driver/Inc -I../Drivers/CMSIS/Device/ST/STM32F1xx/Include -I../Drivers/CMSIS/Include -O0 -ffunction-sections -fdata-sections -Wall -fstack-usage -fcyclomatic-complexity -MMD -MP -MF"Drivers/STM32F1xx_HAL_Driver/Src/stm32f1xx_hal_uart.d" -MT"Drivers/STM32F1xx_HAL_Driver/Src/stm32f1xx_hal_uart.o" --specs=nano.specs -mfloat-abi=soft -mthumb -o "Drivers/STM32F1xx_HAL_Driver/Src/stm32f1xx_hal_uart.o"
arm-none-eabi-gcc -mcpu=cortex-m3 -g3 -DDEBUG -c -x assembler-with-cpp -MMD -MP -MF"Core/Startup/startup_stm32f103c8tx.d" -MT"Core/Startup/startup_stm32f103c8tx.o" --specs=nano.specs -mfloat-abi=soft -mthumb -o "Core/Startup/startup_stm32f103c8tx.o" "../Core/Startup/startup_stm32f103c8tx.s"
arm-none-eabi-gcc "../Core/Src/main.c" -mcpu=cortex-m3 -std=gnu11 -g3 -DDEBUG -DUSE_HAL_DRIVER -DSTM32F103xB -c -I../Core/Inc -I"C:/Users/Kubilay/Desktop/bmi160_driver/F103_BMI160_Library/SensorFusion/MadgwickAHRS/Inc" -I"C:/Users/Kubilay/Desktop/bmi160_driver/F103_BMI160_Library/SensorFusion/MahonyAHRS/Inc" -I"C:/Users/Kubilay/Desktop/bmi160_driver/F103_BMI160_Library/BMI160_SensorAPI/BMI160_Porting/Inc" -I"C:/Users/Kubilay/Desktop/bmi160_driver/F103_BMI160_Library/BMI160_SensorAPI" -I../Drivers/STM32F1xx_HAL_Driver/Inc/Legacy -I../Drivers/STM32F1xx_HAL_Driver/Inc -I../Drivers/CMSIS/Device/ST/STM32F1xx/Include -I../Drivers/CMSIS/Include -O0 -ffunction-sections -fdata-sections -Wall -fstack-usage -fcyclomatic-complexity -MMD -MP -MF"Core/Src/main.d" -MT"Core/Src/main.o" --specs=nano.specs -mfloat-abi=soft -mthumb -o "Core/Src/main.o"
arm-none-eabi-gcc "../Core/Src/stm32f1xx_hal_msp.c" -mcpu=cortex-m3 -std=gnu11 -g3 -DDEBUG -DUSE_HAL_DRIVER -DSTM32F103xB -c -I../Core/Inc -I"C:/Users/Kubilay/Desktop/bmi160_driver/F103_BMI160_Library/SensorFusion/MadgwickAHRS/Inc" -I"C:/Users/Kubilay/Desktop/bmi160_driver/F103_BMI160_Library/SensorFusion/MahonyAHRS/Inc" -I"C:/Users/Kubilay/Desktop/bmi160_driver/F103_BMI160_Library/BMI160_SensorAPI/BMI160_Porting/Inc" -I"C:/Users/Kubilay/Desktop/bmi160_driver/F103_BMI160_Library/BMI160_SensorAPI" -I../Drivers/STM32F1xx_HAL_Driver/Inc/Legacy -I../Drivers/STM32F1xx_HAL_Driver/Inc -I../Drivers/CMSIS/Device/ST/STM32F1xx/Include -I../Drivers/CMSIS/Include -O0 -ffunction-sections -fdata-sections -Wall -fstack-usage -fcyclomatic-complexity -MMD -MP -MF"Core/Src/stm32f1xx_hal_msp.d" -MT"Core/Src/stm32f1xx_hal_msp.o" --specs=nano.specs -mfloat-abi=soft -mthumb -o "Core/Src/stm32f1xx_hal_msp.o"
arm-none-eabi-gcc "../Core/Src/stm32f1xx_it.c" -mcpu=cortex-m3 -std=gnu11 -g3 -DDEBUG -DUSE_HAL_DRIVER -DSTM32F103xB -c -I../Core/Inc -I"C:/Users/Kubilay/Desktop/bmi160_driver/F103_BMI160_Library/SensorFusion/MadgwickAHRS/Inc" -I"C:/Users/Kubilay/Desktop/bmi160_driver/F103_BMI160_Library/SensorFusion/MahonyAHRS/Inc" -I"C:/Users/Kubilay/Desktop/bmi160_driver/F103_BMI160_Library/BMI160_SensorAPI/BMI160_Porting/Inc" -I"C:/Users/Kubilay/Desktop/bmi160_driver/F103_BMI160_Library/BMI160_SensorAPI" -I../Drivers/STM32F1xx_HAL_Driver/Inc/Legacy -I../Drivers/STM32F1xx_HAL_Driver/Inc -I../Drivers/CMSIS/Device/ST/STM32F1xx/Include -I../Drivers/CMSIS/Include -O0 -ffunction-sections -fdata-sections -Wall -fstack-usage -fcyclomatic-complexity -MMD -MP -MF"Core/Src/stm32f1xx_it.d" -MT"Core/Src/stm32f1xx_it.o" --specs=nano.specs -mfloat-abi=soft -mthumb -o "Core/Src/stm32f1xx_it.o"
arm-none-eabi-gcc "../Core/Src/syscalls.c" -mcpu=cortex-m3 -std=gnu11 -g3 -DDEBUG -DUSE_HAL_DRIVER -DSTM32F103xB -c -I../Core/Inc -I"C:/Users/Kubilay/Desktop/bmi160_driver/F103_BMI160_Library/SensorFusion/MadgwickAHRS/Inc" -I"C:/Users/Kubilay/Desktop/bmi160_driver/F103_BMI160_Library/SensorFusion/MahonyAHRS/Inc" -I"C:/Users/Kubilay/Desktop/bmi160_driver/F103_BMI160_Library/BMI160_SensorAPI/BMI160_Porting/Inc" -I"C:/Users/Kubilay/Desktop/bmi160_driver/F103_BMI160_Library/BMI160_SensorAPI" -I../Drivers/STM32F1xx_HAL_Driver/Inc/Legacy -I../Drivers/STM32F1xx_HAL_Driver/Inc -I../Drivers/CMSIS/Device/ST/STM32F1xx/Include -I../Drivers/CMSIS/Include -O0 -ffunction-sections -fdata-sections -Wall -fstack-usage -fcyclomatic-complexity -MMD -MP -MF"Core/Src/syscalls.d" -MT"Core/Src/syscalls.o" --specs=nano.specs -mfloat-abi=soft -mthumb -o "Core/Src/syscalls.o"
arm-none-eabi-gcc "../Core/Src/sysmem.c" -mcpu=cortex-m3 -std=gnu11 -g3 -DDEBUG -DUSE_HAL_DRIVER -DSTM32F103xB -c -I../Core/Inc -I"C:/Users/Kubilay/Desktop/bmi160_driver/F103_BMI160_Library/SensorFusion/MadgwickAHRS/Inc" -I"C:/Users/Kubilay/Desktop/bmi160_driver/F103_BMI160_Library/SensorFusion/MahonyAHRS/Inc" -I"C:/Users/Kubilay/Desktop/bmi160_driver/F103_BMI160_Library/BMI160_SensorAPI/BMI160_Porting/Inc" -I"C:/Users/Kubilay/Desktop/bmi160_driver/F103_BMI160_Library/BMI160_SensorAPI" -I../Drivers/STM32F1xx_HAL_Driver/Inc/Legacy -I../Drivers/STM32F1xx_HAL_Driver/Inc -I../Drivers/CMSIS/Device/ST/STM32F1xx/Include -I../Drivers/CMSIS/Include -O0 -ffunction-sections -fdata-sections -Wall -fstack-usage -fcyclomatic-complexity -MMD -MP -MF"Core/Src/sysmem.d" -MT"Core/Src/sysmem.o" --specs=nano.specs -mfloat-abi=soft -mthumb -o "Core/Src/sysmem.o"
arm-none-eabi-gcc "../Core/Src/system_stm32f1xx.c" -mcpu=cortex-m3 -std=gnu11 -g3 -DDEBUG -DUSE_HAL_DRIVER -DSTM32F103xB -c -I../Core/Inc -I"C:/Users/Kubilay/Desktop/bmi160_driver/F103_BMI160_Library/SensorFusion/MadgwickAHRS/Inc" -I"C:/Users/Kubilay/Desktop/bmi160_driver/F103_BMI160_Library/SensorFusion/MahonyAHRS/Inc" -I"C:/Users/Kubilay/Desktop/bmi160_driver/F103_BMI160_Library/BMI160_SensorAPI/BMI160_Porting/Inc" -I"C:/Users/Kubilay/Desktop/bmi160_driver/F103_BMI160_Library/BMI160_SensorAPI" -I../Drivers/STM32F1xx_HAL_Driver/Inc/Legacy -I../Drivers/STM32F1xx_HAL_Driver/Inc -I../Drivers/CMSIS/Device/ST/STM32F1xx/Include -I../Drivers/CMSIS/Include -O0 -ffunction-sections -fdata-sections -Wall -fstack-usage -fcyclomatic-complexity -MMD -MP -MF"Core/Src/system_stm32f1xx.d" -MT"Core/Src/system_stm32f1xx.o" --specs=nano.specs -mfloat-abi=soft -mthumb -o "Core/Src/system_stm32f1xx.o"
arm-none-eabi-gcc "../BMI160_SensorAPI/BMI160_Porting/Src/bmi160_port.c" -mcpu=cortex-m3 -std=gnu11 -g3 -DDEBUG -DUSE_HAL_DRIVER -DSTM32F103xB -c -I../Core/Inc -I"C:/Users/Kubilay/Desktop/bmi160_driver/F103_BMI160_Library/SensorFusion/MadgwickAHRS/Inc" -I"C:/Users/Kubilay/Desktop/bmi160_driver/F103_BMI160_Library/SensorFusion/MahonyAHRS/Inc" -I"C:/Users/Kubilay/Desktop/bmi160_driver/F103_BMI160_Library/BMI160_SensorAPI/BMI160_Porting/Inc" -I"C:/Users/Kubilay/Desktop/bmi160_driver/F103_BMI160_Library/BMI160_SensorAPI" -I../Drivers/STM32F1xx_HAL_Driver/Inc/Legacy -I../Drivers/STM32F1xx_HAL_Driver/Inc -I../Drivers/CMSIS/Device/ST/STM32F1xx/Include -I../Drivers/CMSIS/Include -O0 -ffunction-sections -fdata-sections -Wall -fstack-usage -fcyclomatic-complexity -MMD -MP -MF"BMI160_SensorAPI/BMI160_Porting/Src/bmi160_port.d" -MT"BMI160_SensorAPI/BMI160_Porting/Src/bmi160_port.o" --specs=nano.specs -mfloat-abi=soft -mthumb -o "BMI160_SensorAPI/BMI160_Porting/Src/bmi160_port.o"
arm-none-eabi-gcc "../BMI160_SensorAPI/bmi160.c" -mcpu=cortex-m3 -std=gnu11 -g3 -DDEBUG -DUSE_HAL_DRIVER -DSTM32F103xB -c -I../Core/Inc -I"C:/Users/Kubilay/Desktop/bmi160_driver/F103_BMI160_Library/SensorFusion/MadgwickAHRS/Inc" -I"C:/Users/Kubilay/Desktop/bmi160_driver/F103_BMI160_Library/SensorFusion/MahonyAHRS/Inc" -I"C:/Users/Kubilay/Desktop/bmi160_driver/F103_BMI160_Library/BMI160_SensorAPI/BMI160_Porting/Inc" -I"C:/Users/Kubilay/Desktop/bmi160_driver/F103_BMI160_Library/BMI160_SensorAPI" -I../Drivers/STM32F1xx_HAL_Driver/Inc/Legacy -I../Drivers/STM32F1xx_HAL_Driver/Inc -I../Drivers/CMSIS/Device/ST/STM32F1xx/Include -I../Drivers/CMSIS/Include -O0 -ffunction-sections -fdata-sections -Wall -fstack-usage -fcyclomatic-complexity -MMD -MP -MF"BMI160_SensorAPI/bmi160.d" -MT"BMI160_SensorAPI/bmi160.o" --specs=nano.specs -mfloat-abi=soft -mthumb -o "BMI160_SensorAPI/bmi160.o"
arm-none-eabi-gcc -o "F103_BMI160_Library.elf" @"objects.list"   -mcpu=cortex-m3 -T"C:\Users\Kubilay\Desktop\bmi160_driver\F103_BMI160_Library\STM32F103C8TX_FLASH.ld" --specs=nosys.specs -Wl,-Map="F103_BMI160_Library.map" -Wl,--gc-sections -static --specs=nano.specs -mfloat-abi=soft -mthumb -u _printf_float -u _scanf_float -Wl,--start-group -lc -lm -Wl,--end-group
Finished building target: F103_BMI160_Library.elf
 
arm-none-eabi-size  F103_BMI160_Library.elf 
arm-none-eabi-objdump -h -S F103_BMI160_Library.elf  > "F103_BMI160_Library.list"
   text	   data	    bss	    dec	    hex	filename
  46536	    496	   2160	  49192	   c028	F103_BMI160_Library.elf
Finished building: default.size.stdout
 
Finished building: F103_BMI160_Library.list
 

08:20:14 Build Finished. 0 errors, 0 warnings. (took 5s.219ms)

